// Vitest Snapshot v1, https://vitest.dev/guide/snapshot.html

exports[`should render component and match snapshot 1`] = `
<input
  className="w-4"
  onChange={[Function]}
  type="checkbox"
/>
`;
